Current node: {
  "val": 1,
  "next": {
    "val": 2,
    "next": {
      "val": 3,
      "next": {
        "val": 4,
        "next": null
      }
    }
  }
}
Next node: {
  "val": 2,
  "next": {
    "val": 3,
    "next": {
      "val": 4,
      "next": null
    }
  }
}
Storing next node: 2
Reversing link: setting 1 next to null
1 next is now: null
Prev is now: 1
Moving to next node: 2
------------------------------
Current node: {
  "val": 2,
  "next": {
    "val": 3,
    "next": {
      "val": 4,
      "next": null
    }
  }
}
Next node: {
  "val": 3,
  "next": {
    "val": 4,
    "next": null
  }
}
Storing next node: 3
Reversing link: setting 2 next to 1
2 next is now: 1
Prev is now: 2
Moving to next node: 3
------------------------------
Current node: {
  "val": 3,
  "next": {
    "val": 4,
    "next": null
  }
}
Next node: {
  "val": 4,
  "next": null
}
Storing next node: 4
Reversing link: setting 3 next to 2
3 next is now: 2
Prev is now: 3
Moving to next node: 4
------------------------------
Current node: {
  "val": 4,
  "next": null
}
Next node: null
Storing next node: null
Reversing link: setting 4 next to 3
4 next is now: 3
Prev is now: 4
Moving to next node: null
------------------------------
4
3
2
1
